"GasToAbsorber:OutputCompositionVector[4]"
"GasFromAbsorber:OutputCompositionVector[4]"
"GasFromAbsorber:OutputCompositionVector[2]"
"LAL_IN:Output"
"LAL:Output"
"RAL:Output"
"GasToAbsorber:OutletStream.m"
"GasToAbsorber:OutputCompositionVector[4]"
"GasFromAbsorber:OutletStream.m"
"GasFromAbsorber:OutputCompositionVector[2]"
"GasFromAbsorber:OutputCompositionVector[4]"
"RichAmine:OutletStream.m"
"RichAmine:OutputCompositionVector[2]"
"RichAmine:OutputCompositionVector[4]"
"LeanAmine:OutletStream.m"
"LeanAmine:OutputCompositionVector[2]"
"LeanAmine:OutputCompositionVector[4]"
"00TA000:MeasuredValue"
"00TA001:MeasuredValue"
"00TA002:MeasuredValue"
"00TA003:MeasuredValue"
"00TA004:MeasuredValue"
"00TA005:MeasuredValue"
"00TA006:MeasuredValue"
"00TA007:MeasuredValue"
"00TI015:MeasuredValue"
"00TI003:MeasuredValue"
"01TI009:MeasuredValue"
"01TS001:MeasuredValue"
"01TS002:MeasuredValue"
"01TS003:MeasuredValue"
"01TS004:MeasuredValue"
"01TS005:MeasuredValue"
"01TI011:MeasuredValue"
"02TI010:MeasuredValue"
"01TI007:MeasuredValue"
"GasFromDesorber:OutletStream.t"
"02QIC001:InternalSetpoint"






